CSQU0000001,L,1,1,1
CSQU0000002,L,1,1,1
CSQU0000003,L,1,1,1
#CSQU0000004,L,1,1,1