CSQU0000001,U,1,1,1
CSQU0000002,U,1,1,1
CSQU0000003,U,1,1,1
CSQU0000005,R,-1,-1,-1
CSQU0000006,R,-1,-1,-1