container9,L,1,1,1
container4,U,1,1,1
container6,U,1,1,1
container7,U,1,1,1
container8,U,1,1,1