container1,load,1,1,1
container2,load,1,1,1
container3,load,1,1,1
container4,load,1,1,1