container1,unload,1,1,1
container5,unload,1,1,1
container10,unload,1,1,1