container5,load,1,1,1
container6,load,1,1,1
container2,unload,1,1,1