container3,unload,1,1,1
container7,load,1,1,1
container8,load,1,1,1